\BOOKMARK [1][-]{section.1}{\376\377\000I\000n\000t\000r\000o\000d\000u\000z\000i\000o\000n\000e}{}% 1
\BOOKMARK [1][-]{section.2}{\376\377\000A\000r\000c\000h\000i\000t\000e\000t\000t\000u\000r\000a\000\040\000d\000e\000l\000\040\000s\000i\000s\000t\000e\000m\000a}{}% 2
\BOOKMARK [2][-]{subsection.2.1}{\376\377\000P\000a\000n\000o\000r\000a\000m\000i\000c\000a}{section.2}% 3
\BOOKMARK [2][-]{subsection.2.2}{\376\377\000A\000p\000p\000l\000i\000c\000a\000z\000i\000o\000n\000e\000\040\000m\000o\000b\000i\000l\000e}{section.2}% 4
\BOOKMARK [2][-]{subsection.2.3}{\376\377\000L\000i\000v\000e\000l\000l\000o\000\040\000d\000i\000\040\000i\000n\000g\000r\000e\000s\000s\000o\000\040\000e\000\040\000s\000e\000r\000v\000i\000z\000i\000o\000\040\000a\000p\000p\000l\000i\000c\000a\000t\000i\000v\000o}{section.2}% 5
\BOOKMARK [2][-]{subsection.2.4}{\376\377\000P\000i\000p\000e\000l\000i\000n\000e\000\040\000d\000i\000\040\000i\000n\000g\000e\000s\000t\000i\000o\000n\000e\000\040\000e\000d\000\040\000e\000l\000a\000b\000o\000r\000a\000z\000i\000o\000n\000e}{section.2}% 6
\BOOKMARK [3][-]{subsubsection.2.4.1}{\376\377\000C\000l\000a\000s\000s\000i\000f\000i\000c\000a\000z\000i\000o\000n\000e\000\040\000d\000e\000l\000l\000'\000a\000t\000t\000i\000v\000i\000t\000\340}{subsection.2.4}% 7
\BOOKMARK [3][-]{subsubsection.2.4.2}{\376\377\000I\000n\000s\000e\000r\000i\000m\000e\000n\000t\000o\000\040\000n\000e\000l\000\040\000d\000i\000a\000r\000i\000o}{subsection.2.4}% 8
\BOOKMARK [3][-]{subsubsection.2.4.3}{\376\377\000I\000n\000s\000e\000r\000i\000m\000e\000n\000t\000o\000\040\000b\000a\000t\000c\000h\000\040\000d\000e\000i\000\040\000d\000a\000t\000i\000\040\000s\000e\000n\000s\000o\000r\000i\000a\000l\000i}{subsection.2.4}% 9
\BOOKMARK [3][-]{subsubsection.2.4.4}{\376\377\000A\000n\000a\000l\000i\000s\000i\000\040\000d\000e\000i\000\040\000l\000u\000o\000g\000h\000i\000\040\000a\000b\000i\000t\000u\000a\000l\000i}{subsection.2.4}% 10
\BOOKMARK [2][-]{subsection.2.5}{\376\377\000P\000e\000r\000s\000i\000s\000t\000e\000n\000z\000a}{section.2}% 11
\BOOKMARK [2][-]{subsection.2.6}{\376\377\000M\000o\000d\000e\000l\000l\000o\000\040\000d\000e\000i\000\040\000d\000a\000t\000i}{section.2}% 12
\BOOKMARK [2][-]{subsection.2.7}{\376\377\000A\000P\000I\000\040\000R\000E\000S\000T}{section.2}% 13
\BOOKMARK [2][-]{subsection.2.8}{\376\377\000D\000a\000s\000h\000b\000o\000a\000r\000d}{section.2}% 14
\BOOKMARK [2][-]{subsection.2.9}{\376\377\000C\000o\000n\000t\000a\000i\000n\000e\000r\000i\000z\000z\000a\000z\000i\000o\000n\000e}{section.2}% 15
\BOOKMARK [1][-]{section.3}{\376\377\000I\000m\000p\000l\000e\000m\000e\000n\000t\000a\000z\000i\000o\000n\000e}{}% 16
\BOOKMARK [2][-]{subsection.3.1}{\376\377\000A\000p\000p\000l\000i\000c\000a\000z\000i\000o\000n\000e\000\040\000m\000o\000b\000i\000l\000e}{section.3}% 17
\BOOKMARK [3][-]{subsubsection.3.1.1}{\376\377\000M\000a\000c\000c\000h\000i\000n\000a\000\040\000a\000\040\000s\000t\000a\000t\000i\000\040\000f\000i\000n\000i\000t\000i\000\040\000d\000i\000\040\000r\000i\000l\000e\000v\000a\000m\000e\000n\000t\000o\000\040\000d\000e\000l\000\040\000m\000o\000v\000i\000m\000e\000n\000t\000o}{subsection.3.1}% 18
\BOOKMARK [3][-]{subsubsection.3.1.2}{\376\377\000R\000a\000p\000p\000o\000r\000t\000o\000\040\000t\000r\000a\000\040\000m\000a\000c\000c\000h\000i\000n\000a\000\040\000a\000\040\000s\000t\000a\000t\000i\000\040\000e\000\040\000s\000i\000s\000t\000e\000m\000a\000\040\000H\000A\000R}{subsection.3.1}% 19
\BOOKMARK [3][-]{subsubsection.3.1.3}{\376\377\000S\000t\000r\000u\000t\000t\000u\000r\000a\000\040\000e\000\040\000i\000m\000p\000a\000c\000c\000h\000e\000t\000t\000a\000m\000e\000n\000t\000o\000\040\000d\000e\000i\000\040\000d\000a\000t\000i\000\040\000s\000e\000n\000s\000o\000r\000i\000a\000l\000i\000\040\000p\000e\000r\000\040\000l\000'\000H\000A\000R}{subsection.3.1}% 20
\BOOKMARK [3][-]{subsubsection.3.1.4}{\376\377\000C\000o\000d\000a\000\040\000d\000i\000\040\000s\000i\000n\000c\000r\000o\000n\000i\000z\000z\000a\000z\000i\000o\000n\000e\000\040\000o\000f\000f\000l\000i\000n\000e}{subsection.3.1}% 21
\BOOKMARK [3][-]{subsubsection.3.1.5}{\376\377\000V\000i\000n\000c\000o\000l\000o\000\040\000d\000i\000\040\000u\000n\000\040\000v\000i\000a\000g\000g\000i\000o\000\040\000a\000t\000t\000i\000v\000o\000\040\000a\000l\000l\000a\000\040\000v\000o\000l\000t\000a}{subsection.3.1}% 22
\BOOKMARK [3][-]{subsubsection.3.1.6}{\376\377\000V\000i\000s\000u\000a\000l\000i\000z\000z\000a\000z\000i\000o\000n\000e\000\040\000p\000r\000o\000g\000r\000e\000s\000s\000i\000v\000a\000\040\000d\000e\000i\000\040\000r\000i\000s\000u\000l\000t\000a\000t\000i}{subsection.3.1}% 23
\BOOKMARK [3][-]{subsubsection.3.1.7}{\376\377\000G\000e\000s\000t\000i\000o\000n\000e\000\040\000d\000e\000l\000l\000'\000a\000p\000p\000l\000i\000c\000a\000z\000i\000o\000n\000e\000\040\000i\000n\000\040\000b\000a\000c\000k\000g\000r\000o\000u\000n\000d}{subsection.3.1}% 24
\BOOKMARK [2][-]{subsection.3.2}{\376\377\000R\000o\000u\000t\000e\000\040\000a\000s\000s\000i\000s\000t\000a\000n\000t\000\040\000c\000o\000n\000t\000e\000x\000t\000-\000a\000w\000a\000r\000e}{section.3}% 25
\BOOKMARK [2][-]{subsection.3.3}{\376\377\000C\000l\000a\000s\000s\000i\000f\000i\000c\000a\000z\000i\000o\000n\000e\000\040\000d\000e\000l\000l\000'\000a\000t\000t\000i\000v\000i\000t\000\340\000\040\000\050\000H\000A\000R\000\051}{section.3}% 26
\BOOKMARK [3][-]{subsubsection.3.3.1}{\376\377\000D\000a\000t\000a\000s\000e\000t\000\040\000e\000\040\000p\000r\000e\000p\000a\000r\000a\000z\000i\000o\000n\000e}{subsection.3.3}% 27
\BOOKMARK [3][-]{subsubsection.3.3.2}{\376\377\000A\000r\000c\000h\000i\000t\000e\000t\000t\000u\000r\000a\000\040\000d\000e\000l\000\040\000m\000o\000d\000e\000l\000l\000o}{subsection.3.3}% 28
\BOOKMARK [3][-]{subsubsection.3.3.3}{\376\377\000O\000t\000t\000i\000m\000i\000z\000z\000a\000z\000i\000o\000n\000e\000\040\000p\000e\000r\000\040\000l\000'\000i\000n\000f\000e\000r\000e\000n\000z\000a\000\040\000i\000n\000\040\000p\000r\000o\000d\000u\000z\000i\000o\000n\000e}{subsection.3.3}% 29
\BOOKMARK [2][-]{subsection.3.4}{\376\377\000I\000n\000s\000e\000r\000i\000m\000e\000n\000t\000o\000\040\000n\000e\000l\000\040\000d\000i\000a\000r\000i\000o\000\040\000e\000\040\000p\000e\000r\000s\000i\000s\000t\000e\000n\000z\000a\000\040\000d\000e\000i\000\040\000d\000a\000t\000i\000\040\000s\000e\000n\000s\000o\000r\000i\000a\000l\000i}{section.3}% 30
\BOOKMARK [3][-]{subsubsection.3.4.1}{\376\377\000R\000a\000p\000p\000r\000e\000s\000e\000n\000t\000a\000z\000i\000o\000n\000e\000\040\000g\000e\000o\000s\000p\000a\000z\000i\000a\000l\000e\000\040\000e\000\040\000q\000u\000e\000r\000y\000\040\000d\000i\000\040\000d\000i\000s\000t\000a\000n\000z\000a}{subsection.3.4}% 31
\BOOKMARK [3][-]{subsubsection.3.4.2}{\376\377\000S\000e\000g\000m\000e\000n\000t\000a\000z\000i\000o\000n\000e\000\040\000d\000e\000l\000\040\000d\000i\000a\000r\000i\000o}{subsection.3.4}% 32
\BOOKMARK [3][-]{subsubsection.3.4.3}{\376\377\000P\000e\000r\000s\000i\000s\000t\000e\000n\000z\000a\000\040\000d\000e\000i\000\040\000d\000a\000t\000i\000\040\000s\000e\000n\000s\000o\000r\000i\000a\000l\000i\000\040\000g\000r\000e\000z\000z\000i}{subsection.3.4}% 33
\BOOKMARK [3][-]{subsubsection.3.4.4}{\376\377\000U\000t\000i\000l\000i\000z\000z\000o\000\040\000a\000n\000a\000l\000i\000t\000i\000c\000o\000\040\000d\000e\000i\000\040\000d\000a\000t\000i\000\040\000s\000e\000n\000s\000o\000r\000i\000a\000l\000i\000\040\000g\000r\000e\000z\000z\000i}{subsection.3.4}% 34
\BOOKMARK [2][-]{subsection.3.5}{\376\377\000D\000a\000t\000a\000\040\000m\000i\000n\000i\000n\000g\000\040\000d\000e\000i\000\040\000l\000u\000o\000g\000h\000i\000\040\000a\000b\000i\000t\000u\000a\000l\000i}{section.3}% 35
\BOOKMARK [2][-]{subsection.3.6}{\376\377\000A\000n\000a\000l\000i\000t\000i\000c\000h\000e\000\040\000p\000e\000r\000s\000o\000n\000a\000l\000i}{section.3}% 36
\BOOKMARK [2][-]{subsection.3.7}{\376\377\000M\000o\000d\000u\000l\000o\000\040\000d\000i\000\040\000p\000r\000i\000v\000a\000c\000y}{section.3}% 37
\BOOKMARK [3][-]{subsubsection.3.7.1}{\376\377\000C\000o\000s\000t\000r\000u\000z\000i\000o\000n\000e\000\040\000d\000e\000l\000\040\000d\000i\000a\000r\000i\000o\000\040\000i\000n\000\040\000b\000a\000s\000e\000\040\000a\000l\000\040\000l\000i\000v\000e\000l\000l\000o\000\040\000d\000i\000\040\000p\000r\000i\000v\000a\000c\000y}{subsection.3.7}% 38
\BOOKMARK [1][-]{section.4}{\376\377\000R\000i\000s\000u\000l\000t\000a\000t\000i}{}% 39
\BOOKMARK [2][-]{subsection.4.1}{\376\377\000V\000a\000l\000u\000t\000a\000z\000i\000o\000n\000e\000\040\000d\000e\000l\000\040\000r\000i\000c\000o\000n\000o\000s\000c\000i\000m\000e\000n\000t\000o\000\040\000H\000A\000R}{section.4}% 40
\BOOKMARK [2][-]{subsection.4.2}{\376\377\000D\000i\000s\000c\000u\000s\000s\000i\000o\000n\000e\000\040\000d\000e\000i\000\040\000c\000a\000s\000i\000\040\000a\000m\000b\000i\000g\000u\000i}{section.4}% 41
\BOOKMARK [3][-]{subsubsection.4.2.1}{\376\377\000V\000e\000i\000c\000o\000l\000o\000\040\000f\000e\000r\000m\000o\000\040\000n\000e\000l\000\040\000t\000r\000a\000f\000f\000i\000c\000o\000\040\000o\000\040\000a\000\040\000u\000n\000\040\000s\000e\000m\000a\000f\000o\000r\000o}{subsection.4.2}% 42
\BOOKMARK [3][-]{subsubsection.4.2.2}{\376\377\000C\000a\000m\000m\000i\000n\000o\000\040\000v\000e\000l\000o\000c\000e\000\040\000c\000o\000n\000f\000u\000s\000o\000\040\000c\000o\000n\000\040\000l\000a\000\040\000b\000i\000c\000i\000c\000l\000e\000t\000t\000a}{subsection.4.2}% 43
\BOOKMARK [3][-]{subsubsection.4.2.3}{\376\377\000F\000e\000r\000m\000a\000t\000e\000\040\000t\000e\000m\000p\000o\000r\000a\000n\000e\000e\000\040\000d\000u\000r\000a\000n\000t\000e\000\040\000u\000n\000o\000\040\000s\000p\000o\000s\000t\000a\000m\000e\000n\000t\000o}{subsection.4.2}% 44
\BOOKMARK [3][-]{subsubsection.4.2.4}{\376\377\000C\000a\000m\000b\000i\000o\000\040\000d\000i\000\040\000m\000e\000z\000z\000o\000\040\000d\000i\000\040\000t\000r\000a\000s\000p\000o\000r\000t\000o}{subsection.4.2}% 45
\BOOKMARK [2][-]{subsection.4.3}{\376\377\000C\000o\000m\000p\000r\000o\000m\000e\000s\000s\000o\000\040\000p\000r\000i\000v\000a\000c\000y\000/\000u\000t\000i\000l\000i\000t\000\340}{section.4}% 46
\BOOKMARK [2][-]{subsection.4.4}{\376\377\000L\000a\000t\000e\000n\000z\000a\000\040\000d\000e\000l\000l\000a\000\040\000p\000i\000p\000e\000l\000i\000n\000e\000\040\000d\000i\000\040\000i\000n\000g\000e\000s\000t\000i\000o\000n\000e}{section.4}% 47
\BOOKMARK [3][-]{subsubsection.4.4.1}{\376\377\000C\000o\000n\000f\000r\000o\000n\000t\000o\000\040\000e\000\040\000r\000i\000c\000e\000r\000c\000a}{subsection.4.4}% 48
\BOOKMARK [3][-]{subsubsection.4.4.2}{\376\377\000S\000c\000r\000i\000t\000t\000u\000r\000a\000\040\000d\000i\000\040\000c\000o\000d\000i\000c\000e}{subsection.4.4}% 49
\BOOKMARK [1][-]{section*.3}{\376\377\000R\000e\000f\000e\000r\000e\000n\000c\000e\000s}{}% 50
